// Jest Snapshot v1, https://goo.gl/fbAQLP

exports[`snapshot: <Message /> renders correctly 1`] = `
<div
  className="message-container"
>
  <p
    className="message msgMedium msgInfo"
  >
    hey
  </p>
</div>
`;
