// Jest Snapshot v1, https://goo.gl/fbAQLP

exports[`snapshot: <BookPage /> renders correctly 1`] = `<Connect(PurchaseCompletionContainer) />`;
