// Jest Snapshot v1, https://goo.gl/fbAQLP

exports[`snapshot: <Footer /> renders correctly 1`] = `
<div
  className="footer"
>
  <p
    className="year"
  >
    2020
  </p>
  <p
    className="author"
  >
    by Dmytro Smolts
  </p>
</div>
`;
