// Jest Snapshot v1, https://goo.gl/fbAQLP

exports[`snapshot: <BookList /> renders correctly 1`] = `
<div
  className="book-list"
>
  <BookCard
    book={Object {}}
  />
  <BookCard
    book={Object {}}
  />
  <BookCard
    book={Object {}}
  />
  <BookCard
    book={Object {}}
  />
</div>
`;
